[ 1/25] BR=0.0100, MR=0.000500 | Pop:  49995 →  52381 | Score:   +4.77% | Time:  63.2s | ETA:   25.3min
[ 2/25] BR=0.0100, MR=0.001125 | Pop:  49995 →  52404 | Score:   +4.82% | Time:  55.6s | ETA:   22.8min
[ 3/25] BR=0.0100, MR=0.001750 | Pop:  49995 →  52379 | Score:   +4.77% | Time:  52.1s | ETA:   20.9min
[ 4/25] BR=0.0100, MR=0.002375 | Pop:  49995 →  52329 | Score:   +4.67% | Time:  49.3s | ETA:   19.3min
[ 5/25] BR=0.0100, MR=0.003000 | Pop:  49995 →  52346 | Score:   +4.70% | Time:  47.6s | ETA:   17.9min
[ 6/25] BR=0.0225, MR=0.000500 | Pop:  49995 →  56256 | Score:  +12.52% | Time:  66.0s | ETA:   17.6min
[ 7/25] BR=0.0225, MR=0.001125 | Pop:  49995 →  56303 | Score:  +12.62% | Time:  59.6s | ETA:   16.9min
[ 8/25] BR=0.0225, MR=0.001750 | Pop:  49995 →  56280 | Score:  +12.57% | Time:  55.9s | ETA:   15.9min
[ 9/25] BR=0.0225, MR=0.002375 | Pop:  49995 →  56037 | Score:  +12.09% | Time:  55.2s | ETA:   14.9min
[10/25] BR=0.0225, MR=0.003000 | Pop:  49995 →  56282 | Score:  +12.58% | Time:  51.4s | ETA:   13.9min
[11/25] BR=0.0350, MR=0.000500 | Pop:  49995 →  60577 | Score:  +21.17% | Time:  69.7s | ETA:   13.3min
[12/25] BR=0.0350, MR=0.001125 | Pop:  49995 →  60822 | Score:  +21.66% | Time:  62.7s | ETA:   12.4min
[13/25] BR=0.0350, MR=0.001750 | Pop:  49995 →  60785 | Score:  +21.58% | Time:  61.1s | ETA:   11.5min
[14/25] BR=0.0350, MR=0.002375 | Pop:  49995 →  60874 | Score:  +21.76% | Time:  58.0s | ETA:   10.6min
[15/25] BR=0.0350, MR=0.003000 | Pop:  49995 →  60741 | Score:  +21.49% | Time:  54.8s | ETA:    9.6min
[16/25] BR=0.0475, MR=0.000500 | Pop:  49995 →  66311 | Score:  +32.64% | Time:  76.0s | ETA:    8.8min
[17/25] BR=0.0475, MR=0.001125 | Pop:  49995 →  66245 | Score:  +32.50% | Time:  66.4s | ETA:    7.9min
[18/25] BR=0.0475, MR=0.001750 | Pop:  49995 →  66416 | Score:  +32.85% | Time:  62.5s | ETA:    6.9min
[19/25] BR=0.0475, MR=0.002375 | Pop:  49995 →  66246 | Score:  +32.51% | Time:  59.7s | ETA:    5.9min
[20/25] BR=0.0475, MR=0.003000 | Pop:  49995 →  66103 | Score:  +32.22% | Time:  58.0s | ETA:    4.9min
[21/25] BR=0.0600, MR=0.000500 | Pop:  49995 →  72630 | Score:  +45.27% | Time:  78.4s | ETA:    4.0min
[22/25] BR=0.0600, MR=0.001125 | Pop:  49995 →  72734 | Score:  +45.48% | Time:  71.6s | ETA:    3.0min
[23/25] BR=0.0600, MR=0.001750 | Pop:  49995 →  72659 | Score:  +45.33% | Time:  68.2s | ETA:    2.0min
[24/25] BR=0.0600, MR=0.002375 | Pop:  49995 →  72367 | Score:  +44.75% | Time:  66.7s | ETA:    1.0min
[25/25] BR=0.0600, MR=0.003000 | Pop:  49995 →  72361 | Score:  +44.74% | Time:  64.6s | ETA:    0.0min

================================================================================
✅ Wyniki zapisane: gridsearch_results_full_50k_50y.json
Całkowity czas: 25.6 minut
================================================================================
  1. BR=0.0600, MR=0.001125 →  +45.48% (Pop: 49995 → 72734)
  2. BR=0.0600, MR=0.001750 →  +45.33% (Pop: 49995 → 72659)
  3. BR=0.0600, MR=0.000500 →  +45.27% (Pop: 49995 → 72630)
  4. BR=0.0600, MR=0.002375 →  +44.75% (Pop: 49995 → 72367)
  5. BR=0.0600, MR=0.003000 →  +44.74% (Pop: 49995 → 72361)
